// TypesFromSerializers CacheKey b379726b6fef2dadbfd614384b868746
//
// DO NOT MODIFY: This file was automatically generated by TypesFromSerializers.
export {}

declare global {
  namespace Schema {
    interface Composer {
      id: number
      firstName?: string
      lastName?: string
      name: string
    }
  }
}
