// TypesFromSerializers CacheKey b379726b6fef2dadbfd614384b868746
//
// DO NOT MODIFY: This file was automatically generated by TypesFromSerializers.

export default interface Composer {
  id: number
  firstName?: string
  lastName?: string
  name: string
}
