// TypesFromSerializers CacheKey ae633478c6f8a92d0ce7ef24b7d2ac3f
//
// DO NOT MODIFY: This file was automatically generated by TypesFromSerializers.
import type AnyModel from '../../AnyModel'
import type Song from '../Song'

export default interface NestedConditionalAlbum {
  id?: AnyModel['id']
  title?: AnyModel['title']
  tracks: Song[]
}
