// TypesFromSerializers CacheKey 898b94768c7f34b4927645d8919c01e0
//
// DO NOT MODIFY: This file was automatically generated by TypesFromSerializers.
import type Composer from '../Composer'
import type Song from '../Song'

export default interface NestedConditionalSongAlbum {
  id: number
  composer: Composer
  title?: string
  tracks: Song[]
}
