// TypesFromSerializers CacheKey 58897b61d86838c60d1f12700f326896
//
// DO NOT MODIFY: This file was automatically generated by TypesFromSerializers.
import type AnyModel from '../../AnyModel'
import type Song from '../Song'

export default interface NestedAlbum {
  id: AnyModel['id']
  title: AnyModel['title']
  tracks: Song[]
}

