// TypesFromSerializers CacheKey 1e3a5dea8847b2dcfe76fec134589cbb
//
// DO NOT MODIFY: This file was automatically generated by TypesFromSerializers.
import type Model from './Model'

export default interface ComposerWithSongs {
  id: number
  firstName?: string
  lastName?: string
  name: string
  songs: Model[]
}

