// TypesFromSerializers CacheKey 022111bae1369ca055f1c9dae5bc356b
//
// DO NOT MODIFY: This file was automatically generated by TypesFromSerializers.

export default interface Video {
  id: number
  title?: string
  youtubeId?: string
  youtubeUrl: string
}
