// TypesFromSerializers CacheKey 6e82f9b05515cf2d2fd0ea698478f2de
//
// DO NOT MODIFY: This file was automatically generated by TypesFromSerializers.
export type { Composer } from './Composer'
export type { ComposerWithSongs } from './ComposerWithSongs'
export type { Model } from './Model'
export type { NestedAlbum } from './Nested/Album'
export type { SnakeComposer } from './SnakeComposer'
export type { Song } from './Song'
export type { SongWithVideos } from './SongWithVideos'
export type { Video } from './Video'
export type { VideoWithSong } from './VideoWithSong'
