// TypesFromSerializers CacheKey c3af64a41d21e71dfae56644517994e1
//
// DO NOT MODIFY: This file was automatically generated by TypesFromSerializers.
import type Composer from './Composer'

export default interface Song {
  id: number
  composer: Composer
  title?: string
}
