// TypesFromSerializers CacheKey 89e954153b9ec8eff3fb53174c9d0b06
//
// DO NOT MODIFY: This file was automatically generated by TypesFromSerializers.

export default interface ComposerWithOptionals {
  id: any
  firstName: any | null
  lastName?: any
  name?: string | null
}
