// TypesFromSerializers CacheKey 4042db0fa9ebdf8668c7c5f0ec172e6d
//
// DO NOT MODIFY: This file was automatically generated by TypesFromSerializers.
import type Song from './Song'

export default interface VideoWithSong {
  id: number
  createdAt: string | Date
  song: Song
  title?: string
  untypedFieldExample: any
  youtubeId?: string
  youtubeUrl?: string
}
