// TypesFromSerializers CacheKey c2d167325e7342eba01d0a78482d6d76
//
// DO NOT MODIFY: This file was automatically generated by TypesFromSerializers.
import type Composer from './Composer'
import type Video from './Video'

declare global {
  namespace Schema {
    interface SongWithVideos {
      id: number
      composer: Composer
      genre: "fingerstyle" | "rock" | "classical"
      tempo: "slow" | "medium" | "fast"
      title?: string
      videos: Video[]
    }
  }
}
