// TypesFromSerializers CacheKey f4f9e398dc092747d13607e2bdcb0846
//
// DO NOT MODIFY: This file was automatically generated by TypesFromSerializers.
import type Composer from './Composer'

declare global {
  namespace Schema {
    interface Song {
      id: number
      composer: Composer
      genre: "fingerstyle" | "rock" | "classical"
      tempo: "slow" | "medium" | "fast"
      title?: string
    }
  }
}
