// TypesFromSerializers CacheKey 3d69fbf86ed59d25d1eaea201f68c8e6
//
// DO NOT MODIFY: This file was automatically generated by TypesFromSerializers.
import type Composer from './Composer'

declare global {
  namespace Schema {
    interface Song {
      id?: number
      composer?: Composer
      title?: string
    }
  }
}
