// TypesFromSerializers CacheKey 7925c5fb385f2011ec6cd12dd0cc61a2
//
// DO NOT MODIFY: This file was automatically generated by TypesFromSerializers.
import type AnyModel from '../../AnyModel'
import type Song from '../Song'

declare global {
  namespace Schema {
    interface NestedAlbum {
      id?: AnyModel['id']
      title?: AnyModel['title']
      tracks: Song[]
    }
  }
}
