// TypesFromSerializers CacheKey 89e5760366d01f7f21244d341e1af2d4
//
// DO NOT MODIFY: This file was automatically generated by TypesFromSerializers.
export {}

declare global {
  namespace Schema {
    interface SnakeComposer {
      id: number
      first_name?: string
      last_name?: string
      name: string
    }
  }
}
