// TypesFromSerializers CacheKey 385e4ba7edfa481a0c2d154aa688ecbc
//
// DO NOT MODIFY: This file was automatically generated by TypesFromSerializers.
import type AnyModel from '../AnyModel'

declare global {
  namespace Schema {
    interface Model {
      id?: AnyModel['id']
      title?: AnyModel['title']
    }
  }
}
