// TypesFromSerializers CacheKey 4cc2e79f18cd24f4999baf4b30ea3fef
//
// DO NOT MODIFY: This file was automatically generated by TypesFromSerializers.

export default interface AmsComposer {
  id: number
  first_name?: string
  last_name?: string
}
