// TypesFromSerializers CacheKey 7c65405710839d67b7e8f6a8578bfa2b
//
// DO NOT MODIFY: This file was automatically generated by TypesFromSerializers.
import type AmsComposer from './Composer'

export default interface AmsSong {
  id: number
  title?: string
  composer: AmsComposer
}
