// TypesFromSerializers CacheKey fda33f0b08d157334e88f37f595d5aa1
//
// DO NOT MODIFY: This file was automatically generated by TypesFromSerializers.
export type { default as AmsComposer } from './Ams/Composer'
export type { default as AmsSong } from './Ams/Song'
